// Jest Snapshot v1, https://goo.gl/fbAQLP

exports[`Jest test Match snapshot 1`] = `
<div
  class="profile-page"
>
  <div
    class="mission-profile"
  >
    <h2>
      My Missions
    </h2>
    <ul />
  </div>
  <div
    class="reserved-rockets-container"
  >
    <h2>
      My Rockets
    </h2>
  </div>
</div>
`;
