// Jest Snapshot v1, https://goo.gl/fbAQLP

exports[`To test Mission components To Missions component renders successfully! 1`] = `<div />`;
